== positive tests ==
OK   tests/anon_func.sau
OK   tests/break_continue.sau
OK   tests/casting.sau
OK   tests/default_param.sau
OK   tests/enums.sau
OK   tests/fibonacci.sau
OK   tests/for_loops.sau
OK   tests/force_unwrap_ok.sau
OK   tests/generic_call_implicit.sau
OK   tests/generic_function.sau
OK   tests/generic_identity.sau
OK   tests/generic_interface.sau
OK   tests/generic_method.sau
OK   tests/generic_multi_param.sau
OK   tests/hello_world.sau
OK   tests/higher_order.sau
OK   tests/implements.sau
OK   tests/inheritance.sau
OK   tests/inherited_static.sau
OK   tests/interface_composition.sau
OK   tests/io_lib.sau
OK   tests/iter_closure.sau
OK   tests/iter_object.sau
OK   tests/iter_pairs.sau
OK   tests/lambda.sau
OK   tests/match_enum.sau
OK   tests/match_enum_payload.sau
OK   tests/match_expression.sau
OK   tests/match_guard.sau
OK   tests/match_literal.sau
OK   tests/match_nullable.sau
OK   tests/match_tuple.sau
OK   tests/math_test.sau
OK   tests/module_class.sau
OK   tests/multiple_return_values.sau
OK   tests/named_params.sau
OK   tests/named_params_constructor.sau
OK   tests/narrowing.sau
OK   tests/nullable_test.sau
OK   tests/os_lib.sau
FAIL tests/pipe_then.sau
       × expected an expression
         ╭─[pipe_then.sau:22:7]
      21 │     local result: integer = {1, 2, 3, 4, 5}
      22 │       then doubleAll()
         ·       ──┬─
OK   tests/printf.sau
OK   tests/repeat_until.sau
OK   tests/safe_chain_coalesce.sau
OK   tests/shapes.sau
OK   tests/static_local.sau
OK   tests/static_mutation.sau
OK   tests/static_self.sau
OK   tests/stdlib.sau
OK   tests/string_concat_length.sau
OK   tests/string_lib.sau
OK   tests/table_array.sau
OK   tests/table_lib.sau
OK   tests/table_map.sau
OK   tests/table_map_literal.sau
OK   tests/throw_class_instance.sau
OK   tests/throw_in_function.sau
OK   tests/throw_integer.sau
OK   tests/try_catch.sau
OK   tests/try_catch_basic.sau
OK   tests/try_catch_nested.sau
OK   tests/valued_enum.sau
OK   tests/variadic.sau
OK   tests/while_loop.sau

== ui tests (expected to error) ==
OK   tests/ui/break_outside_loop.sau
OK   tests/ui/catch_wrong_type.sau
OK   tests/ui/continue_outside_loop.sau
OK   tests/ui/default_param_type_mismatch.sau
OK   tests/ui/force_unwrap_chained_nil.sau
OK   tests/ui/force_unwrap_field_nil.sau
OK   tests/ui/force_unwrap_nil.sau
OK   tests/ui/force_unwrap_return_nil.sau
OK   tests/ui/generic_empty_params.sau
OK   tests/ui/generic_trailing_comma.sau
OK   tests/ui/implements_missing_method.sau
OK   tests/ui/int_cast_wrong_type.sau
OK   tests/ui/integer_float_mix.sau
OK   tests/ui/interface_with_field.sau
OK   tests/ui/io_mode_wrong_type.sau
OK   tests/ui/io_open_nullable.sau
OK   tests/ui/io_unknown_method.sau
OK   tests/ui/io_use_after_close.sau
OK   tests/ui/io_write_non_string.sau
OK   tests/ui/iter_missing_iter_method.sau
OK   tests/ui/iter_not_iterable.sau
OK   tests/ui/iter_wrong_value.sau
OK   tests/ui/local_uninitialized_non_nullable.sau
OK   tests/ui/match_arm_type_mismatch.sau
OK   tests/ui/match_guard_only_not_exhaustive.sau
OK   tests/ui/match_non_exhaustive_enum.sau
OK   tests/ui/match_non_exhaustive_nullable.sau
OK   tests/ui/match_pattern_wrong_type.sau
OK   tests/ui/match_unknown_variant.sau
OK   tests/ui/match_variant_arity_mismatch.sau
OK   tests/ui/math_huge_extra_arg.sau
OK   tests/ui/math_non_numeric.sau
OK   tests/ui/member_on_nullable.sau
OK   tests/ui/method_on_nullable.sau
OK   tests/ui/multiple_extends.sau
OK   tests/ui/narrowing_scope.sau
OK   tests/ui/native_sig_nullable.sau
OK   tests/ui/nil_field.sau
OK   tests/ui/nil_for_loop.sau
OK   tests/ui/nil_func.sau
OK   tests/ui/nil_if_branc.sau
OK   tests/ui/nil_multiarg.sau
OK   tests/ui/nil_test.sau
OK   tests/ui/nullable_to_nonnullable.sau
OK   tests/ui/numeric_mix_static.sau
OK   tests/ui/os_execute_wrong_type.sau
OK   tests/ui/os_exit_wrong_type.sau
OK   tests/ui/os_getenv_nullable.sau
OK   tests/ui/os_sleep_wrong_type.sau
OK   tests/ui/pairs_non_table.sau
OK   tests/ui/printf_no_format.sau
OK   tests/ui/private_inherited_access.sau
OK   tests/ui/private_method_access.sau
OK   tests/ui/repeat_until_non_boolean.sau
OK   tests/ui/safe_chain_no_fallback.sau
OK   tests/ui/static_local_private.sau
OK   tests/ui/string_char_non_int.sau
OK   tests/ui/string_nil_assignment.sau
OK   tests/ui/super_outside_init.sau
OK   tests/ui/table_insert_arity.sau
OK   tests/ui/table_insert_non_table.sau
OK   tests/ui/table_insert_oob.sau
OK   tests/ui/table_map_array_literal.sau
OK   tests/ui/table_map_wrong_value.sau
OK   tests/ui/table_remove_nullable.sau
OK   tests/ui/table_sort_bad_comp.sau
OK   tests/ui/table_wrong_key_type.sau
OK   tests/ui/table_wrong_value_type.sau
OK   tests/ui/throw_uncaught.sau
OK   tests/ui/unknown_field.sau
OK   tests/ui/unknown_method.sau
OK   tests/ui/wrong_arg_type.sau
OK   tests/ui/wrong_arity.sau
OK   tests/ui/wrong_return_type.sau
